
============================================================
  Molecule : O=P(C1=CC=CC=C1)(C2=CC=CC=C2)/C=C/P(C3=CC=CC=C3)/C=C/P(C4=CC=CC=C4)C5=CC=CC=C5
============================================================

[1/3] Generating 3D starting geometry from SMILES ...
      67 atoms

[2/3] Geometry optimizations ...
  Optimizing  [neutral] ...        Step     Time          Energy          fmax
LBFGS:    0 22:56:08    -2696.970313        3.073149
LBFGS:    1 22:56:08    -2697.162286        2.380669
LBFGS:    2 22:56:09    -2697.242972        0.358565
LBFGS:    3 22:56:09    -2697.277218        0.432832
LBFGS:    4 22:56:10    -2697.299406        0.408856
LBFGS:    5 22:56:10    -2697.315936        0.170369
LBFGS:    6 22:56:10    -2697.333260        0.184907
LBFGS:    7 22:56:11    -2697.346420        0.255305
LBFGS:    8 22:56:11    -2697.358607        0.220059
LBFGS:    9 22:56:11    -2697.368578        0.124791
LBFGS:   10 22:56:11    -2697.375629        0.123364
LBFGS:   11 22:56:12    -2697.380393        0.115518
LBFGS:   12 22:56:12    -2697.384287        0.108677
LBFGS:   13 22:56:12    -2697.387813        0.097647
LBFGS:   14 22:56:13    -2697.390655        0.090196
LBFGS:   15 22:56:13    -2697.392650        0.092428
LBFGS:   16 22:56:13    -2697.394272        0.087403
LBFGS:   17 22:56:14    -2697.396005        0.063607
LBFGS:   18 22:56:14    -2697.397864        0.100982
LBFGS:   19 22:56:14    -2697.399596        0.087723
LBFGS:   20 22:56:15    -2697.400985        0.079380
LBFGS:   21 22:56:15    -2697.402084        0.055838
LBFGS:   22 22:56:15    -2697.403080        0.058856
LBFGS:   23 22:56:16    -2697.404048        0.074323
LBFGS:   24 22:56:16    -2697.404930        0.062800
LBFGS:   25 22:56:16    -2697.405640        0.048732
converged (25 steps)
  Optimizing  [cation ] ...        Step     Time          Energy          fmax
LBFGS:    0 22:56:17    -2685.367316        3.286906
LBFGS:    1 22:56:18    -2685.609334        2.357355
LBFGS:    2 22:56:18    -2685.711120        0.585549
LBFGS:    3 22:56:19    -2685.757921        0.461706
LBFGS:    4 22:56:19    -2685.777287        0.405410
LBFGS:    5 22:56:19    -2685.791972        0.188653
LBFGS:    6 22:56:20    -2685.801743        0.166773
LBFGS:    7 22:56:20    -2685.808749        0.195312
LBFGS:    8 22:56:20    -2685.814075        0.151285
LBFGS:    9 22:56:21    -2685.817964        0.125366
LBFGS:   10 22:56:21    -2685.820743        0.106166
LBFGS:   11 22:56:21    -2685.823038        0.102431
LBFGS:   12 22:56:22    -2685.825408        0.076516
LBFGS:   13 22:56:22    -2685.827883        0.086850
LBFGS:   14 22:56:22    -2685.829957        0.098476
LBFGS:   15 22:56:23    -2685.831365        0.102713
LBFGS:   16 22:56:23    -2685.832367        0.078365
LBFGS:   17 22:56:23    -2685.833283        0.056676
LBFGS:   18 22:56:24    -2685.834221        0.067714
LBFGS:   19 22:56:24    -2685.835073        0.074726
LBFGS:   20 22:56:24    -2685.835817        0.058166
LBFGS:   21 22:56:25    -2685.836553        0.045309
converged (21 steps)
  Optimizing  [anion  ] ...        Step     Time          Energy          fmax
LBFGS:    0 22:56:25    -2702.700594        2.364327
LBFGS:    1 22:56:26    -2702.863424        1.836551
LBFGS:    2 22:56:26    -2702.933151        0.376353
LBFGS:    3 22:56:27    -2702.980337        0.385495
LBFGS:    4 22:56:27    -2703.004168        0.531010
LBFGS:    5 22:56:28    -2703.029454        0.283848
LBFGS:    6 22:56:28    -2703.048055        0.189163
LBFGS:    7 22:56:28    -2703.062242        0.274710
LBFGS:    8 22:56:29    -2703.075622        0.277214
LBFGS:    9 22:56:29    -2703.087810        0.162384
LBFGS:   10 22:56:30    -2703.096555        0.150581
LBFGS:   11 22:56:30    -2703.102700        0.123471
LBFGS:   12 22:56:30    -2703.107962        0.116257
LBFGS:   13 22:56:31    -2703.112801        0.111941
LBFGS:   14 22:56:31    -2703.116456        0.103367
LBFGS:   15 22:56:32    -2703.118891        0.107926
LBFGS:   16 22:56:32    -2703.121180        0.097889
LBFGS:   17 22:56:33    -2703.124077        0.081818
LBFGS:   18 22:56:33    -2703.127181        0.083079
LBFGS:   19 22:56:33    -2703.129738        0.085822
LBFGS:   20 22:56:34    -2703.131749        0.080642
LBFGS:   21 22:56:34    -2703.133675        0.067978
LBFGS:   22 22:56:34    -2703.135633        0.057345
LBFGS:   23 22:56:35    -2703.137223        0.064279
LBFGS:   24 22:56:35    -2703.138342        0.058968
LBFGS:   25 22:56:35    -2703.139314        0.051664
LBFGS:   26 22:56:36    -2703.140391        0.053212
LBFGS:   27 22:56:36    -2703.141508        0.066077
LBFGS:   28 22:56:37    -2703.142549        0.071608
LBFGS:   29 22:56:37    -2703.143556        0.055914
LBFGS:   30 22:56:38    -2703.144697        0.045849
converged (30 steps)

[3/3] Cross single-points ...
  Single-point [cation  @ neutral geo] ... -98.69735752 Eh
  Single-point [anion   @ neutral geo] ... -99.33463814 Eh
  Single-point [neutral @ cation  geo] ... -99.12071912 Eh
  Single-point [neutral @ anion   geo] ... -99.12279308 Eh

============================================================
  Results
============================================================
  λ⁺  (hole)     =    338.1 meV  (0.3381 eV)
    λ₁⁺           =    144.6 meV  (cation relaxation)
    λ₂⁺           =    193.5 meV  (neutral relaxation from cation geo)
  λ⁻  (electron) =    248.5 meV  (0.2485 eV)
    λ₁⁻           =    111.5 meV  (anion relaxation)
    λ₂⁻           =    137.0 meV  (neutral relaxation from anion geo)

  Results saved to lambda_results.json
{'lambda_plus_eV': 0.33810261674729536,
 'lambda_minus_eV': 0.24852255219129207,
 'lambda_plus_meV': 338.1026167472954,
 'lambda_minus_meV': 248.52255219129208,
 'partial': {'E0_geo0': -99.127828899355,
             'E_plus_geoplus': -98.7026727880589,
             'E_minus_geominus': -99.33873535983783,
             'E_plus_geo0': -98.6973575218689,
             'E_minus_geo0': -99.33463813928141,
             'E0_geoplus': -99.12071912355373,
             'E0_geominus': -99.12279308457302,
             'lam1_plus_eV': 0.14463576129660297,
             'lam2_plus_eV': 0.19346685545069242,
             'lam1_minus_eV': 0.11149105109567489,
             'lam2_minus_eV': 0.13703150109561718},
 'geometries': {'neutral': Atoms(symbols='C34H29OP3', pbc=False, initial_charges=..., initial_magmoms=..., calculator=XTB(...)),
                'cation': Atoms(symbols='C34H29OP3', pbc=False, initial_charges=..., initial_magmoms=..., calculator=XTB(...)),
                'anion': Atoms(symbols='C34H29OP3', pbc=False, initial_charges=..., initial_magmoms=..., calculator=XTB(...))}}
